2025-02-12 19:48:36 [ERROR] - User login successful
2025-02-12 19:48:36 [INFO] - CPU usage exceeded threshold
2025-02-12 19:48:36 [WARNING] - User login successful
2025-02-12 19:48:36 [DEBUG] - Database connection failed
2025-02-12 19:48:36 [CRITICAL] - CPU usage exceeded threshold
2025-02-12 19:48:36 [INFO] - CPU usage exceeded threshold
2025-02-12 19:48:36 [ERROR] - Database connection failed
2025-02-12 19:48:36 [DEBUG] - User login successful
2025-02-12 19:48:36 [ERROR] - Service restarted successfully
2025-02-12 19:48:36 [ERROR] - Database connection failed
2025-02-12 19:48:36 [WARNING] - User login successful
2025-02-12 19:48:36 [CRITICAL] - CPU usage exceeded threshold
2025-02-12 19:48:36 [WARNING] - Database connection failed
2025-02-12 19:48:36 [WARNING] - CPU usage exceeded threshold
2025-02-12 19:48:36 [CRITICAL] - User login successful
2025-02-12 19:48:36 [CRITICAL] - Database connection failed
2025-02-12 19:48:36 [INFO] - Database connection failed
2025-02-12 19:48:36 [INFO] - CPU usage exceeded threshold
2025-02-12 19:48:36 [CRITICAL] - File not found error
2025-02-12 19:48:36 [DEBUG] - Database connection failed
2025-02-12 19:48:36 [DEBUG] - User login successful
2025-02-12 19:48:36 [DEBUG] - User login successful
2025-02-12 19:48:36 [WARNING] - CPU usage exceeded threshold
2025-02-12 19:48:36 [DEBUG] - CPU usage exceeded threshold
2025-02-12 19:48:36 [CRITICAL] - User login successful
2025-02-12 19:48:36 [DEBUG] - Service restarted successfully
2025-02-12 19:48:36 [CRITICAL] - Service restarted successfully
2025-02-12 19:48:36 [WARNING] - Database connection failed
2025-02-12 19:48:36 [CRITICAL] - Service restarted successfully
2025-02-12 19:48:36 [CRITICAL] - File not found error
2025-02-12 19:48:36 [WARNING] - File not found error
2025-02-12 19:48:36 [CRITICAL] - Service restarted successfully
2025-02-12 19:48:36 [ERROR] - Service restarted successfully
2025-02-12 19:48:36 [WARNING] - Database connection failed
2025-02-12 19:48:36 [INFO] - Service restarted successfully
2025-02-12 19:48:36 [INFO] - Service restarted successfully
2025-02-12 19:48:36 [DEBUG] - Service restarted successfully
2025-02-12 19:48:36 [DEBUG] - Service restarted successfully
2025-02-12 19:48:36 [INFO] - Database connection failed
2025-02-12 19:48:36 [CRITICAL] - Service restarted successfully
2025-02-12 19:48:36 [INFO] - CPU usage exceeded threshold
2025-02-12 19:48:36 [INFO] - Database connection failed
2025-02-12 19:48:36 [CRITICAL] - Database connection failed
2025-02-12 19:48:36 [ERROR] - File not found error
2025-02-12 19:48:36 [WARNING] - User login successful
2025-02-12 19:48:36 [ERROR] - File not found error
2025-02-12 19:48:36 [CRITICAL] - User login successful
2025-02-12 19:48:36 [WARNING] - File not found error
2025-02-12 19:48:36 [INFO] - Service restarted successfully
2025-02-12 19:48:36 [DEBUG] - Service restarted successfully
2025-02-12 19:48:36 [ERROR] - User login successful
2025-02-12 19:48:36 [CRITICAL] - CPU usage exceeded threshold
2025-02-12 19:48:36 [DEBUG] - CPU usage exceeded threshold
2025-02-12 19:48:36 [CRITICAL] - CPU usage exceeded threshold
2025-02-12 19:48:36 [DEBUG] - CPU usage exceeded threshold
2025-02-12 19:48:36 [WARNING] - File not found error
2025-02-12 19:48:36 [WARNING] - CPU usage exceeded threshold
2025-02-12 19:48:36 [INFO] - User login successful
2025-02-12 19:48:36 [INFO] - Service restarted successfully
2025-02-12 19:48:36 [DEBUG] - Database connection failed
2025-02-12 19:48:36 [CRITICAL] - User login successful
2025-02-12 19:48:36 [CRITICAL] - File not found error
2025-02-12 19:48:36 [CRITICAL] - CPU usage exceeded threshold
2025-02-12 19:48:36 [INFO] - Database connection failed
2025-02-12 19:48:36 [DEBUG] - Database connection failed
2025-02-12 19:48:36 [ERROR] - CPU usage exceeded threshold
2025-02-12 19:48:36 [CRITICAL] - User login successful
2025-02-12 19:48:36 [CRITICAL] - Service restarted successfully
2025-02-12 19:48:36 [ERROR] - File not found error
2025-02-12 19:48:36 [INFO] - Database connection failed
2025-02-12 19:48:36 [WARNING] - User login successful
2025-02-12 19:48:36 [INFO] - CPU usage exceeded threshold
2025-02-12 19:48:36 [DEBUG] - Service restarted successfully
2025-02-12 19:48:36 [CRITICAL] - Database connection failed
2025-02-12 19:48:36 [WARNING] - User login successful
2025-02-12 19:48:36 [ERROR] - File not found error
2025-02-12 19:48:36 [WARNING] - CPU usage exceeded threshold
2025-02-12 19:48:36 [INFO] - Service restarted successfully
2025-02-12 19:48:36 [CRITICAL] - File not found error
2025-02-12 19:48:36 [DEBUG] - CPU usage exceeded threshold
2025-02-12 19:48:36 [ERROR] - CPU usage exceeded threshold
2025-02-12 19:48:36 [ERROR] - File not found error
2025-02-12 19:48:36 [INFO] - User login successful
2025-02-12 19:48:36 [INFO] - User login successful
2025-02-12 19:48:36 [INFO] - File not found error
2025-02-12 19:48:36 [ERROR] - Service restarted successfully
2025-02-12 19:48:36 [ERROR] - CPU usage exceeded threshold
2025-02-12 19:48:36 [DEBUG] - Database connection failed
2025-02-12 19:48:36 [WARNING] - CPU usage exceeded threshold
2025-02-12 19:48:36 [WARNING] - User login successful
2025-02-12 19:48:36 [INFO] - Database connection failed
2025-02-12 19:48:36 [INFO] - CPU usage exceeded threshold
2025-02-12 19:48:36 [CRITICAL] - CPU usage exceeded threshold
2025-02-12 19:48:36 [INFO] - User login successful
2025-02-12 19:48:36 [DEBUG] - User login successful
2025-02-12 19:48:36 [INFO] - Service restarted successfully
2025-02-12 19:48:36 [INFO] - User login successful
2025-02-12 19:48:36 [INFO] - Database connection failed
2025-02-12 19:48:36 [INFO] - CPU usage exceeded threshold
2025-02-12 19:48:36 [DEBUG] - Database connection failed
